// Vitest Snapshot v1, https://vitest.dev/guide/snapshot.html

exports[`<AddressRow /> > should match snapshot 1`] = `
<div>
  <script
    nonce=""
  >
    ((e,i,s,u,m,a,l,h)=&gt;{let d=document.documentElement,w=["light","dark"];function p(n){(Array.isArray(e)?e:[e]).forEach(y=&gt;{let k=y==="class",S=k&&a?m.map(f=&gt;a[f]||f):m;k?(d.classList.remove(...S),d.classList.add(a&&a[n]?a[n]:n)):d.setAttribute(y,n)}),R(n)}function R(n){h&&w.includes(n)&&(d.style.colorScheme=n)}function c(){return window.matchMedia("(prefers-color-scheme: dark)").matches?"dark":"light"}if(u)p(u);else try{let n=localStorage.getItem(i)||s,y=l&&n==="system"?c():n;p(y)}catch(n){}})("class","theme","system",null,["light","dark"],null,true,true)
  </script>
  <li
    class="_listItem_06f2f2"
  >
    <div
      class="chakra-stack css-12433jz"
    >
      <div
        class="_listItemMarker_06f2f2 css-0"
      >
        1
      </div>
      <div
        class="chakra-field__root css-1wgh383"
        data-part="root"
        data-scope="field"
        id="field::«r0»"
        role="group"
      >
        <input
          class="chakra-input css-ee9xfg"
          data-part="input"
          data-scope="field"
          id="«r0»"
          placeholder="0.0.0.0"
          type="text"
        />
      </div>
      <div
        class="css-1dmnsst"
      />
    </div>
  </li>
   
</div>
`;
